Archive member included to satisfy reference by file (symbol)

c:/st/stm32cubeide_1.5.1/stm32cubeide/plugins/com.st.stm32cube.ide.mcu.externaltools.gnu-tools-for-stm32.7-2018-q2-update.win32_1.5.0.202011040924/tools/bin/../lib/gcc/arm-none-eabi/7.3.1/../../../../arm-none-eabi/lib/thumb/v7-m\libc_nano.a(lib_a-errno.o)
                              Core/Src/syscalls.o (__errno)
c:/st/stm32cubeide_1.5.1/stm32cubeide/plugins/com.st.stm32cube.ide.mcu.externaltools.gnu-tools-for-stm32.7-2018-q2-update.win32_1.5.0.202011040924/tools/bin/../lib/gcc/arm-none-eabi/7.3.1/../../../../arm-none-eabi/lib/thumb/v7-m\libc_nano.a(lib_a-exit.o)
                              c:/st/stm32cubeide_1.5.1/stm32cubeide/plugins/com.st.stm32cube.ide.mcu.externaltools.gnu-tools-for-stm32.7-2018-q2-update.win32_1.5.0.202011040924/tools/bin/../lib/gcc/arm-none-eabi/7.3.1/../../../../arm-none-eabi/lib/thumb/v7-m/crt0.o (exit)
c:/st/stm32cubeide_1.5.1/stm32cubeide/plugins/com.st.stm32cube.ide.mcu.externaltools.gnu-tools-for-stm32.7-2018-q2-update.win32_1.5.0.202011040924/tools/bin/../lib/gcc/arm-none-eabi/7.3.1/../../../../arm-none-eabi/lib/thumb/v7-m\libc_nano.a(lib_a-impure.o)
                              c:/st/stm32cubeide_1.5.1/stm32cubeide/plugins/com.st.stm32cube.ide.mcu.externaltools.gnu-tools-for-stm32.7-2018-q2-update.win32_1.5.0.202011040924/tools/bin/../lib/gcc/arm-none-eabi/7.3.1/../../../../arm-none-eabi/lib/thumb/v7-m\libc_nano.a(lib_a-exit.o) (_global_impure_ptr)
c:/st/stm32cubeide_1.5.1/stm32cubeide/plugins/com.st.stm32cube.ide.mcu.externaltools.gnu-tools-for-stm32.7-2018-q2-update.win32_1.5.0.202011040924/tools/bin/../lib/gcc/arm-none-eabi/7.3.1/../../../../arm-none-eabi/lib/thumb/v7-m\libc_nano.a(lib_a-init.o)
                              c:/st/stm32cubeide_1.5.1/stm32cubeide/plugins/com.st.stm32cube.ide.mcu.externaltools.gnu-tools-for-stm32.7-2018-q2-update.win32_1.5.0.202011040924/tools/bin/../lib/gcc/arm-none-eabi/7.3.1/../../../../arm-none-eabi/lib/thumb/v7-m/crt0.o (__libc_init_array)
c:/st/stm32cubeide_1.5.1/stm32cubeide/plugins/com.st.stm32cube.ide.mcu.externaltools.gnu-tools-for-stm32.7-2018-q2-update.win32_1.5.0.202011040924/tools/bin/../lib/gcc/arm-none-eabi/7.3.1/../../../../arm-none-eabi/lib/thumb/v7-m\libc_nano.a(lib_a-malloc.o)
                              Core/Src/ST7735/st7735.o (malloc)
c:/st/stm32cubeide_1.5.1/stm32cubeide/plugins/com.st.stm32cube.ide.mcu.externaltools.gnu-tools-for-stm32.7-2018-q2-update.win32_1.5.0.202011040924/tools/bin/../lib/gcc/arm-none-eabi/7.3.1/../../../../arm-none-eabi/lib/thumb/v7-m\libc_nano.a(lib_a-memset.o)
                              c:/st/stm32cubeide_1.5.1/stm32cubeide/plugins/com.st.stm32cube.ide.mcu.externaltools.gnu-tools-for-stm32.7-2018-q2-update.win32_1.5.0.202011040924/tools/bin/../lib/gcc/arm-none-eabi/7.3.1/../../../../arm-none-eabi/lib/thumb/v7-m/crt0.o (memset)
c:/st/stm32cubeide_1.5.1/stm32cubeide/plugins/com.st.stm32cube.ide.mcu.externaltools.gnu-tools-for-stm32.7-2018-q2-update.win32_1.5.0.202011040924/tools/bin/../lib/gcc/arm-none-eabi/7.3.1/../../../../arm-none-eabi/lib/thumb/v7-m\libc_nano.a(lib_a-nano-freer.o)
                              c:/st/stm32cubeide_1.5.1/stm32cubeide/plugins/com.st.stm32cube.ide.mcu.externaltools.gnu-tools-for-stm32.7-2018-q2-update.win32_1.5.0.202011040924/tools/bin/../lib/gcc/arm-none-eabi/7.3.1/../../../../arm-none-eabi/lib/thumb/v7-m\libc_nano.a(lib_a-malloc.o) (_free_r)
c:/st/stm32cubeide_1.5.1/stm32cubeide/plugins/com.st.stm32cube.ide.mcu.externaltools.gnu-tools-for-stm32.7-2018-q2-update.win32_1.5.0.202011040924/tools/bin/../lib/gcc/arm-none-eabi/7.3.1/../../../../arm-none-eabi/lib/thumb/v7-m\libc_nano.a(lib_a-nano-mallocr.o)
                              c:/st/stm32cubeide_1.5.1/stm32cubeide/plugins/com.st.stm32cube.ide.mcu.externaltools.gnu-tools-for-stm32.7-2018-q2-update.win32_1.5.0.202011040924/tools/bin/../lib/gcc/arm-none-eabi/7.3.1/../../../../arm-none-eabi/lib/thumb/v7-m\libc_nano.a(lib_a-malloc.o) (_malloc_r)
c:/st/stm32cubeide_1.5.1/stm32cubeide/plugins/com.st.stm32cube.ide.mcu.externaltools.gnu-tools-for-stm32.7-2018-q2-update.win32_1.5.0.202011040924/tools/bin/../lib/gcc/arm-none-eabi/7.3.1/../../../../arm-none-eabi/lib/thumb/v7-m\libc_nano.a(lib_a-rand.o)
                              Core/Src/main.o (srand)
c:/st/stm32cubeide_1.5.1/stm32cubeide/plugins/com.st.stm32cube.ide.mcu.externaltools.gnu-tools-for-stm32.7-2018-q2-update.win32_1.5.0.202011040924/tools/bin/../lib/gcc/arm-none-eabi/7.3.1/../../../../arm-none-eabi/lib/thumb/v7-m\libc_nano.a(lib_a-sbrkr.o)
                              c:/st/stm32cubeide_1.5.1/stm32cubeide/plugins/com.st.stm32cube.ide.mcu.externaltools.gnu-tools-for-stm32.7-2018-q2-update.win32_1.5.0.202011040924/tools/bin/../lib/gcc/arm-none-eabi/7.3.1/../../../../arm-none-eabi/lib/thumb/v7-m\libc_nano.a(lib_a-nano-mallocr.o) (_sbrk_r)
[...]
Memory Configuration

Name             Origin             Length             Attributes
RAM              0x0000000020000000 0x0000000000005000 xrw
FLASH            0x0000000008000000 0x0000000000010000 xr
*default*        0x0000000000000000 0xffffffffffffffff

Linker script and memory map

LOAD c:/st/stm32cubeide_1.5.1/stm32cubeide/plugins/com.st.stm32cube.ide.mcu.externaltools.gnu-tools-for-stm32.7-2018-q2-update.win32_1.5.0.202011040924/tools/bin/../lib/gcc/arm-none-eabi/7.3.1/thumb/v7-m/crti.o
LOAD c:/st/stm32cubeide_1.5.1/stm32cubeide/plugins/com.st.stm32cube.ide.mcu.externaltools.gnu-tools-for-stm32.7-2018-q2-update.win32_1.5.0.202011040924/tools/bin/../lib/gcc/arm-none-eabi/7.3.1/thumb/v7-m/crtbegin.o
LOAD c:/st/stm32cubeide_1.5.1/stm32cubeide/plugins/com.st.stm32cube.ide.mcu.externaltools.gnu-tools-for-stm32.7-2018-q2-update.win32_1.5.0.202011040924/tools/bin/../lib/gcc/arm-none-eabi/7.3.1/../../../../arm-none-eabi/lib/thumb/v7-m/crt0.o
LOAD Core/Src/ST7735/fonts.o
LOAD Core/Src/ST7735/st7735.o
LOAD Core/Src/main.o
LOAD Core/Src/stm32f1xx_hal_msp.o
LOAD Core/Src/stm32f1xx_it.o
LOAD Core/Src/syscalls.o
LOAD Core/Src/sysmem.o
LOAD Core/Src/system_stm32f1xx.o
LOAD Core/Startup/startup_stm32f103c8tx.o
LOAD Drivers/STM32F1xx_HAL_Driver/Src/stm32f1xx_hal.o
LOAD Drivers/STM32F1xx_HAL_Driver/Src/stm32f1xx_hal_cortex.o
LOAD Drivers/STM32F1xx_HAL_Driver/Src/stm32f1xx_hal_dma.o
LOAD Drivers/STM32F1xx_HAL_Driver/Src/stm32f1xx_hal_exti.o
LOAD Drivers/STM32F1xx_HAL_Driver/Src/stm32f1xx_hal_flash.o
LOAD Drivers/STM32F1xx_HAL_Driver/Src/stm32f1xx_hal_flash_ex.o
LOAD Drivers/STM32F1xx_HAL_Driver/Src/stm32f1xx_hal_gpio.o
LOAD Drivers/STM32F1xx_HAL_Driver/Src/stm32f1xx_hal_gpio_ex.o
LOAD Drivers/STM32F1xx_HAL_Driver/Src/stm32f1xx_hal_pwr.o
LOAD Drivers/STM32F1xx_HAL_Driver/Src/stm32f1xx_hal_rcc.o
LOAD Drivers/STM32F1xx_HAL_Driver/Src/stm32f1xx_hal_rcc_ex.o
LOAD Drivers/STM32F1xx_HAL_Driver/Src/stm32f1xx_hal_spi.o
LOAD Drivers/STM32F1xx_HAL_Driver/Src/stm32f1xx_hal_tim.o
LOAD Drivers/STM32F1xx_HAL_Driver/Src/stm32f1xx_hal_tim_ex.o
START GROUP
LOAD c:/st/stm32cubeide_1.5.1/stm32cubeide/plugins/com.st.stm32cube.ide.mcu.externaltools.gnu-tools-for-stm32.7-2018-q2-update.win32_1.5.0.202011040924/tools/bin/../lib/gcc/arm-none-eabi/7.3.1/../../../../arm-none-eabi/lib/thumb/v7-m\libc_nano.a
LOAD c:/st/stm32cubeide_1.5.1/stm32cubeide/plugins/com.st.stm32cube.ide.mcu.externaltools.gnu-tools-for-stm32.7-2018-q2-update.win32_1.5.0.202011040924/tools/bin/../lib/gcc/arm-none-eabi/7.3.1/../../../../arm-none-eabi/lib/thumb/v7-m\libm.a
END GROUP
START GROUP
LOAD c:/st/stm32cubeide_1.5.1/stm32cubeide/plugins/com.st.stm32cube.ide.mcu.externaltools.gnu-tools-for-stm32.7-2018-q2-update.win32_1.5.0.202011040924/tools/bin/../lib/gcc/arm-none-eabi/7.3.1/thumb/v7-m\libgcc.a
LOAD c:/st/stm32cubeide_1.5.1/stm32cubeide/plugins/com.st.stm32cube.ide.mcu.externaltools.gnu-tools-for-stm32.7-2018-q2-update.win32_1.5.0.202011040924/tools/bin/../lib/gcc/arm-none-eabi/7.3.1/../../../../arm-none-eabi/lib/thumb/v7-m\libc_nano.a
END GROUP
START GROUP
LOAD c:/st/stm32cubeide_1.5.1/stm32cubeide/plugins/com.st.stm32cube.ide.mcu.externaltools.gnu-tools-for-stm32.7-2018-q2-update.win32_1.5.0.202011040924/tools/bin/../lib/gcc/arm-none-eabi/7.3.1/thumb/v7-m\libgcc.a
LOAD c:/st/stm32cubeide_1.5.1/stm32cubeide/plugins/com.st.stm32cube.ide.mcu.externaltools.gnu-tools-for-stm32.7-2018-q2-update.win32_1.5.0.202011040924/tools/bin/../lib/gcc/arm-none-eabi/7.3.1/../../../../arm-none-eabi/lib/thumb/v7-m\libc_nano.a
LOAD c:/st/stm32cubeide_1.5.1/stm32cubeide/plugins/com.st.stm32cube.ide.mcu.externaltools.gnu-tools-for-stm32.7-2018-q2-update.win32_1.5.0.202011040924/tools/bin/../lib/gcc/arm-none-eabi/7.3.1/../../../../arm-none-eabi/lib/thumb/v7-m\libnosys.a
END GROUP
START GROUP
LOAD c:/st/stm32cubeide_1.5.1/stm32cubeide/plugins/com.st.stm32cube.ide.mcu.externaltools.gnu-tools-for-stm32.7-2018-q2-update.win32_1.5.0.202011040924/tools/bin/../lib/gcc/arm-none-eabi/7.3.1/thumb/v7-m\libgcc.a
LOAD c:/st/stm32cubeide_1.5.1/stm32cubeide/plugins/com.st.stm32cube.ide.mcu.externaltools.gnu-tools-for-stm32.7-2018-q2-update.win32_1.5.0.202011040924/tools/bin/../lib/gcc/arm-none-eabi/7.3.1/../../../../arm-none-eabi/lib/thumb/v7-m\libc_nano.a
LOAD c:/st/stm32cubeide_1.5.1/stm32cubeide/plugins/com.st.stm32cube.ide.mcu.externaltools.gnu-tools-for-stm32.7-2018-q2-update.win32_1.5.0.202011040924/tools/bin/../lib/gcc/arm-none-eabi/7.3.1/../../../../arm-none-eabi/lib/thumb/v7-m\libnosys.a
END GROUP
LOAD c:/st/stm32cubeide_1.5.1/stm32cubeide/plugins/com.st.stm32cube.ide.mcu.externaltools.gnu-tools-for-stm32.7-2018-q2-update.win32_1.5.0.202011040924/tools/bin/../lib/gcc/arm-none-eabi/7.3.1/thumb/v7-m/crtend.o
LOAD c:/st/stm32cubeide_1.5.1/stm32cubeide/plugins/com.st.stm32cube.ide.mcu.externaltools.gnu-tools-for-stm32.7-2018-q2-update.win32_1.5.0.202011040924/tools/bin/../lib/gcc/arm-none-eabi/7.3.1/thumb/v7-m/crtn.o
                0x0000000020005000                _estack = (ORIGIN (RAM) + LENGTH (RAM))
                0x0000000000000200                _Min_Heap_Size = 0x200
                0x0000000000000400                _Min_Stack_Size = 0x400

.isr_vector     0x0000000008000000      0x10c
                0x0000000008000000                . = ALIGN (0x4)
 *(.isr_vector)
 .isr_vector    0x0000000008000000      0x10c Core/Startup/startup_stm32f103c8tx.o
                0x0000000008000000                g_pfnVectors
                0x000000000800010c                . = ALIGN (0x4)

.text           0x000000000800010c     0x2860
                0x000000000800010c                . = ALIGN (0x4)
 *(.text)
 .text          0x000000000800010c       0x40 c:/st/stm32cubeide_1.5.1/stm32cubeide/plugins/com.st.stm32cube.ide.mcu.externaltools.gnu-tools-for-stm32.7-2018-q2-update.win32_1.5.0.202011040924/tools/bin/../lib/gcc/arm-none-eabi/7.3.1/thumb/v7-m/crtbegin.o
 *(.text*)
 .text.ST7735_Select
                0x000000000800014c       0x18 Core/Src/ST7735/st7735.o
 .text.ST7735_Unselect
                0x0000000008000164       0x18 Core/Src/ST7735/st7735.o
                0x0000000008000164                ST7735_Unselect
 .text.ST7735_Reset
                0x000000000800017c       0x28 Core/Src/ST7735/st7735.o
 .text.ST7735_WriteCommand
                0x00000000080001a4       0x34 Core/Src/ST7735/st7735.o
 .text.ST7735_WriteData
                0x00000000080001d8       0x34 Core/Src/ST7735/st7735.o
 .text.ST7735_ExecuteCommandList
                0x000000000800020c       0x90 Core/Src/ST7735/st7735.o
 .text.ST7735_SetAddressWindow
                0x000000000800029c       0x78 Core/Src/ST7735/st7735.o
 .text.ST7735_Init
                0x0000000008000314       0x34 Core/Src/ST7735/st7735.o
                0x0000000008000314                ST7735_Init
 .text.ST7735_WriteChar
                0x0000000008000348       0xec Core/Src/ST7735/st7735.o
 .text.ST7735_WriteString
                0x0000000008000434       0x94 Core/Src/ST7735/st7735.o
                0x0000000008000434                ST7735_WriteString
 .text.ST7735_FillRectangle
                0x00000000080004c8       0xe8 Core/Src/ST7735/st7735.o
                0x00000000080004c8                ST7735_FillRectangle
 .text.ST7735_FillScreen
                0x00000000080005b0       0x22 Core/Src/ST7735/st7735.o
                0x00000000080005b0                ST7735_FillScreen
 *fill*         0x00000000080005d2        0x2 
 .text.telalogin
                0x00000000080005d4       0xc8 Core/Src/main.o
                0x00000000080005d4                telalogin
 .text.telainicial
                0x000000000800069c       0xc4 Core/Src/main.o
                0x000000000800069c                telainicial
 .text.teladefinir
                0x0000000008000760       0x98 Core/Src/main.o
                0x0000000008000760                teladefinir
 .text.telaaula
                0x00000000080007f8      0x12c Core/Src/main.o
                0x00000000080007f8                telaaula
 .text.telarelatorio
                0x0000000008000924       0x5c Core/Src/main.o
                0x0000000008000924                telarelatorio
 .text.telaerro2
                0x0000000008000980       0x5c Core/Src/main.o
                0x0000000008000980                telaerro2
 .text.telaerro
                0x00000000080009dc       0x78 Core/Src/main.o
                0x00000000080009dc                telaerro
 .text.DrawAula
                0x0000000008000a54      0x1b8 Core/Src/main.o
                0x0000000008000a54                DrawAula
 .text.DrawLines
                0x0000000008000c0c       0xc0 Core/Src/main.o
                0x0000000008000c0c                DrawLines
 .text.Drawmenu
                0x0000000008000ccc      0x148 Core/Src/main.o
                0x0000000008000ccc                Drawmenu
 .text.Drawerro2
                0x0000000008000e14       0x54 Core/Src/main.o
                0x0000000008000e14                Drawerro2
 .text.Drawerro
                0x0000000008000e68       0x7c Core/Src/main.o
                0x0000000008000e68                Drawerro
 .text.Drawalunos
                0x0000000008000ee4       0xbc Core/Src/main.o
                0x0000000008000ee4                Drawalunos
 .text.main     0x0000000008000fa0      0x114 Core/Src/main.o
                0x0000000008000fa0                main
 .text.SystemClock_Config
                0x00000000080010b4       0x76 Core/Src/main.o
                0x00000000080010b4                SystemClock_Config
 *fill*         0x000000000800112a        0x2 
 .text.MX_SPI1_Init
                0x000000000800112c       0x6c Core/Src/main.o
 .text.MX_GPIO_Init
                0x0000000008001198       0xc0 Core/Src/main.o
 .text.Error_Handler
                0x0000000008001258        0x8 Core/Src/main.o
                0x0000000008001258                Error_Handler
 .text.HAL_MspInit
                0x0000000008001260       0x64 Core/Src/stm32f1xx_hal_msp.o
                0x0000000008001260                HAL_MspInit
 .text.HAL_SPI_MspInit
                0x00000000080012c4       0x94 Core/Src/stm32f1xx_hal_msp.o
                0x00000000080012c4                HAL_SPI_MspInit
 .text.NMI_Handler
                0x0000000008001358        0x6 Core/Src/stm32f1xx_it.o
                0x0000000008001358                NMI_Handler
 .text.HardFault_Handler
                0x000000000800135e        0x6 Core/Src/stm32f1xx_it.o
                0x000000000800135e                HardFault_Handler
 .text.MemManage_Handler
                0x0000000008001364        0x6 Core/Src/stm32f1xx_it.o
                0x0000000008001364                MemManage_Handler
 .text.BusFault_Handler
                0x000000000800136a        0x6 Core/Src/stm32f1xx_it.o
                0x000000000800136a                BusFault_Handler
 .text.UsageFault_Handler
                0x0000000008001370        0x6 Core/Src/stm32f1xx_it.o
                0x0000000008001370                UsageFault_Handler
 .text.SVC_Handler
                0x0000000008001376        0xc Core/Src/stm32f1xx_it.o
                0x0000000008001376                SVC_Handler
 .text.DebugMon_Handler
                0x0000000008001382        0xc Core/Src/stm32f1xx_it.o
                0x0000000008001382                DebugMon_Handler
 .text.PendSV_Handler
                0x000000000800138e        0xc Core/Src/stm32f1xx_it.o
                0x000000000800138e                PendSV_Handler
 .text.SysTick_Handler
                0x000000000800139a        0xc Core/Src/stm32f1xx_it.o
                0x000000000800139a                SysTick_Handler
 *fill*         0x00000000080013a6        0x2 
 .text._sbrk    0x00000000080013a8       0x6c Core/Src/sysmem.o
                0x00000000080013a8                _sbrk
 .text.SystemInit
                0x0000000008001414        0xc Core/Src/system_stm32f1xx.o
                0x0000000008001414                SystemInit
 .text.Reset_Handler
                0x0000000008001420       0x48 Core/Startup/startup_stm32f103c8tx.o
                0x0000000008001420                Reset_Handler
 .text.Default_Handler
                0x0000000008001468        0x2 Core/Startup/startup_stm32f103c8tx.o
                0x0000000008001468                RTC_Alarm_IRQHandler
                0x0000000008001468                EXTI2_IRQHandler
                0x0000000008001468                TIM1_CC_IRQHandler
                0x0000000008001468                PVD_IRQHandler
                0x0000000008001468                EXTI3_IRQHandler
                0x0000000008001468                EXTI0_IRQHandler
                0x0000000008001468                I2C2_EV_IRQHandler
                0x0000000008001468                ADC1_2_IRQHandler
                0x0000000008001468                SPI1_IRQHandler
                0x0000000008001468                TAMPER_IRQHandler
                0x0000000008001468                DMA1_Channel4_IRQHandler
                0x0000000008001468                USART3_IRQHandler
                0x0000000008001468                RTC_IRQHandler
                0x0000000008001468                DMA1_Channel7_IRQHandler
                0x0000000008001468                CAN1_RX1_IRQHandler
                0x0000000008001468                TIM4_IRQHandler
                0x0000000008001468                I2C1_EV_IRQHandler
                0x0000000008001468                DMA1_Channel6_IRQHandler
                0x0000000008001468                TIM3_IRQHandler
                0x0000000008001468                RCC_IRQHandler
                0x0000000008001468                TIM1_TRG_COM_IRQHandler
                0x0000000008001468                DMA1_Channel1_IRQHandler
                0x0000000008001468                Default_Handler
                0x0000000008001468                EXTI15_10_IRQHandler
                0x0000000008001468                EXTI9_5_IRQHandler
                0x0000000008001468                SPI2_IRQHandler
                0x0000000008001468                DMA1_Channel5_IRQHandler
                0x0000000008001468                EXTI4_IRQHandler
                0x0000000008001468                USB_LP_CAN1_RX0_IRQHandler
                0x0000000008001468                USB_HP_CAN1_TX_IRQHandler
                0x0000000008001468                DMA1_Channel3_IRQHandler
                0x0000000008001468                TIM1_UP_IRQHandler
                0x0000000008001468                WWDG_IRQHandler
                0x0000000008001468                TIM2_IRQHandler
                0x0000000008001468                TIM1_BRK_IRQHandler
                0x0000000008001468                EXTI1_IRQHandler
                0x0000000008001468                USART2_IRQHandler
                0x0000000008001468                I2C2_ER_IRQHandler
                0x0000000008001468                DMA1_Channel2_IRQHandler
                0x0000000008001468                CAN1_SCE_IRQHandler
                0x0000000008001468                FLASH_IRQHandler
                0x0000000008001468                USART1_IRQHandler
                0x0000000008001468                I2C1_ER_IRQHandler
                0x0000000008001468                USBWakeUp_IRQHandler
 *fill*         0x000000000800146a        0x2 
 .text.HAL_Init
                0x000000000800146c       0x2c Drivers/STM32F1xx_HAL_Driver/Src/stm32f1xx_hal.o
                0x000000000800146c                HAL_Init
 .text.HAL_InitTick
                0x0000000008001498       0x60 Drivers/STM32F1xx_HAL_Driver/Src/stm32f1xx_hal.o
                0x0000000008001498                HAL_InitTick
 .text.HAL_IncTick
                0x00000000080014f8       0x24 Drivers/STM32F1xx_HAL_Driver/Src/stm32f1xx_hal.o
                0x00000000080014f8                HAL_IncTick
 .text.HAL_GetTick
                0x000000000800151c       0x14 Drivers/STM32F1xx_HAL_Driver/Src/stm32f1xx_hal.o
                0x000000000800151c                HAL_GetTick
 .text.HAL_Delay
                0x0000000008001530       0x44 Drivers/STM32F1xx_HAL_Driver/Src/stm32f1xx_hal.o
                0x0000000008001530                HAL_Delay
 .text.__NVIC_SetPriorityGrouping
                0x0000000008001574       0x48 Drivers/STM32F1xx_HAL_Driver/Src/stm32f1xx_hal_cortex.o
 .text.__NVIC_GetPriorityGrouping
                0x00000000080015bc       0x1c Drivers/STM32F1xx_HAL_Driver/Src/stm32f1xx_hal_cortex.o
 .text.__NVIC_SetPriority
                0x00000000080015d8       0x54 Drivers/STM32F1xx_HAL_Driver/Src/stm32f1xx_hal_cortex.o
 .text.NVIC_EncodePriority
                0x000000000800162c       0x64 Drivers/STM32F1xx_HAL_Driver/Src/stm32f1xx_hal_cortex.o
 .text.SysTick_Config
                0x0000000008001690       0x44 Drivers/STM32F1xx_HAL_Driver/Src/stm32f1xx_hal_cortex.o
 .text.HAL_NVIC_SetPriorityGrouping
                0x00000000080016d4       0x16 Drivers/STM32F1xx_HAL_Driver/Src/stm32f1xx_hal_cortex.o
                0x00000000080016d4                HAL_NVIC_SetPriorityGrouping
 .text.HAL_NVIC_SetPriority
                0x00000000080016ea       0x38 Drivers/STM32F1xx_HAL_Driver/Src/stm32f1xx_hal_cortex.o
                0x00000000080016ea                HAL_NVIC_SetPriority
 .text.HAL_SYSTICK_Config
                0x0000000008001722       0x18 Drivers/STM32F1xx_HAL_Driver/Src/stm32f1xx_hal_cortex.o
                0x0000000008001722                HAL_SYSTICK_Config
 *fill*         0x000000000800173a        0x2 
 .text.HAL_GPIO_Init
                0x000000000800173c      0x2b4 Drivers/STM32F1xx_HAL_Driver/Src/stm32f1xx_hal_gpio.o
                0x000000000800173c                HAL_GPIO_Init
 .text.HAL_GPIO_ReadPin
                0x00000000080019f0       0x2e Drivers/STM32F1xx_HAL_Driver/Src/stm32f1xx_hal_gpio.o
                0x00000000080019f0                HAL_GPIO_ReadPin
 .text.HAL_GPIO_WritePin
                0x0000000008001a1e       0x30 Drivers/STM32F1xx_HAL_Driver/Src/stm32f1xx_hal_gpio.o
                0x0000000008001a1e                HAL_GPIO_WritePin
 *fill*         0x0000000008001a4e        0x2 
 .text.HAL_RCC_OscConfig
                0x0000000008001a50      0x500 Drivers/STM32F1xx_HAL_Driver/Src/stm32f1xx_hal_rcc.o
                0x0000000008001a50                HAL_RCC_OscConfig
 .text.HAL_RCC_ClockConfig
                0x0000000008001f50      0x1d4 Drivers/STM32F1xx_HAL_Driver/Src/stm32f1xx_hal_rcc.o
                0x0000000008001f50                HAL_RCC_ClockConfig
 .text.HAL_RCC_GetSysClockFreq
                0x0000000008002124       0xc4 Drivers/STM32F1xx_HAL_Driver/Src/stm32f1xx_hal_rcc.o
                0x0000000008002124                HAL_RCC_GetSysClockFreq
 .text.RCC_Delay
                0x00000000080021e8       0x3c Drivers/STM32F1xx_HAL_Driver/Src/stm32f1xx_hal_rcc.o
 .text.HAL_SPI_Init
                0x0000000008002224      0x108 Drivers/STM32F1xx_HAL_Driver/Src/stm32f1xx_hal_spi.o
                0x0000000008002224                HAL_SPI_Init
 .text.HAL_SPI_Transmit
                0x000000000800232c      0x278 Drivers/STM32F1xx_HAL_Driver/Src/stm32f1xx_hal_spi.o
                0x000000000800232c                HAL_SPI_Transmit
 .text.SPI_WaitFlagStateUntilTimeout
                0x00000000080025a4      0x110 Drivers/STM32F1xx_HAL_Driver/Src/stm32f1xx_hal_spi.o
 .text.SPI_EndRxTxTransaction
                0x00000000080026b4       0x3c Drivers/STM32F1xx_HAL_Driver/Src/stm32f1xx_hal_spi.o
 .text.__errno  0x00000000080026f0        0xc c:/st/stm32cubeide_1.5.1/stm32cubeide/plugins/com.st.stm32cube.ide.mcu.externaltools.gnu-tools-for-stm32.7-2018-q2-update.win32_1.5.0.202011040924/tools/bin/../lib/gcc/arm-none-eabi/7.3.1/../../../../arm-none-eabi/lib/thumb/v7-m\libc_nano.a(lib_a-errno.o)
                0x00000000080026f0                __errno
 .text.__libc_init_array
                0x00000000080026fc       0x48 c:/st/stm32cubeide_1.5.1/stm32cubeide/plugins/com.st.stm32cube.ide.mcu.externaltools.gnu-tools-for-stm32.7-2018-q2-update.win32_1.5.0.202011040924/tools/bin/../lib/gcc/arm-none-eabi/7.3.1/../../../../arm-none-eabi/lib/thumb/v7-m\libc_nano.a(lib_a-init.o)
                0x00000000080026fc                __libc_init_array
 .text.malloc   0x0000000008002744       0x10 c:/st/stm32cubeide_1.5.1/stm32cubeide/plugins/com.st.stm32cube.ide.mcu.externaltools.gnu-tools-for-stm32.7-2018-q2-update.win32_1.5.0.202011040924/tools/bin/../lib/gcc/arm-none-eabi/7.3.1/../../../../arm-none-eabi/lib/thumb/v7-m\libc_nano.a(lib_a-malloc.o)
                0x0000000008002744                malloc
 .text.memset   0x0000000008002754       0x10 c:/st/stm32cubeide_1.5.1/stm32cubeide/plugins/com.st.stm32cube.ide.mcu.externaltools.gnu-tools-for-stm32.7-2018-q2-update.win32_1.5.0.202011040924/tools/bin/../lib/gcc/arm-none-eabi/7.3.1/../../../../arm-none-eabi/lib/thumb/v7-m\libc_nano.a(lib_a-memset.o)
                0x0000000008002754                memset
 .text._malloc_r
                0x0000000008002764       0xb4 c:/st/stm32cubeide_1.5.1/stm32cubeide/plugins/com.st.stm32cube.ide.mcu.externaltools.gnu-tools-for-stm32.7-2018-q2-update.win32_1.5.0.202011040924/tools/bin/../lib/gcc/arm-none-eabi/7.3.1/../../../../arm-none-eabi/lib/thumb/v7-m\libc_nano.a(lib_a-nano-mallocr.o)
                0x0000000008002764                _malloc_r
 .text.srand    0x0000000008002818       0x48 c:/st/stm32cubeide_1.5.1/stm32cubeide/plugins/com.st.stm32cube.ide.mcu.externaltools.gnu-tools-for-stm32.7-2018-q2-update.win32_1.5.0.202011040924/tools/bin/../lib/gcc/arm-none-eabi/7.3.1/../../../../arm-none-eabi/lib/thumb/v7-m\libc_nano.a(lib_a-rand.o)
                0x0000000008002818                srand
 .text.rand     0x0000000008002860       0x68 c:/st/stm32cubeide_1.5.1/stm32cubeide/plugins/com.st.stm32cube.ide.mcu.externaltools.gnu-tools-for-stm32.7-2018-q2-update.win32_1.5.0.202011040924/tools/bin/../lib/gcc/arm-none-eabi/7.3.1/../../../../arm-none-eabi/lib/thumb/v7-m\libc_nano.a(lib_a-rand.o)
                0x0000000008002860                rand
 .text._sbrk_r  0x00000000080028c8       0x20 c:/st/stm32cubeide_1.5.1/stm32cubeide/plugins/com.st.stm32cube.ide.mcu.externaltools.gnu-tools-for-stm32.7-2018-q2-update.win32_1.5.0.202011040924/tools/bin/../lib/gcc/arm-none-eabi/7.3.1/../../../../arm-none-eabi/lib/thumb/v7-m\libc_nano.a(lib_a-sbrkr.o)
                0x00000000080028c8                _sbrk_r
 .text.time     0x00000000080028e8       0x34 c:/st/stm32cubeide_1.5.1/stm32cubeide/plugins/com.st.stm32cube.ide.mcu.externaltools.gnu-tools-for-stm32.7-2018-q2-update.win32_1.5.0.202011040924/tools/bin/../lib/gcc/arm-none-eabi/7.3.1/../../../../arm-none-eabi/lib/thumb/v7-m\libc_nano.a(lib_a-time.o)
                0x00000000080028e8                time
 .text._gettimeofday_r
                0x000000000800291c       0x24 c:/st/stm32cubeide_1.5.1/stm32cubeide/plugins/com.st.stm32cube.ide.mcu.externaltools.gnu-tools-for-stm32.7-2018-q2-update.win32_1.5.0.202011040924/tools/bin/../lib/gcc/arm-none-eabi/7.3.1/../../../../arm-none-eabi/lib/thumb/v7-m\libc_nano.a(lib_a-gettimeofdayr.o)
                0x000000000800291c                _gettimeofday_r
 .text.__malloc_lock
                0x0000000008002940        0x2 c:/st/stm32cubeide_1.5.1/stm32cubeide/plugins/com.st.stm32cube.ide.mcu.externaltools.gnu-tools-for-stm32.7-2018-q2-update.win32_1.5.0.202011040924/tools/bin/../lib/gcc/arm-none-eabi/7.3.1/../../../../arm-none-eabi/lib/thumb/v7-m\libc_nano.a(lib_a-mlock.o)
                0x0000000008002940                __malloc_lock
 .text.__malloc_unlock
                0x0000000008002942        0x2 c:/st/stm32cubeide_1.5.1/stm32cubeide/plugins/com.st.stm32cube.ide.mcu.externaltools.gnu-tools-for-stm32.7-2018-q2-update.win32_1.5.0.202011040924/tools/bin/../lib/gcc/arm-none-eabi/7.3.1/../../../../arm-none-eabi/lib/thumb/v7-m\libc_nano.a(lib_a-mlock.o)
                0x0000000008002942                __malloc_unlock
 .text._gettimeofday
                0x0000000008002944       0x10 c:/st/stm32cubeide_1.5.1/stm32cubeide/plugins/com.st.stm32cube.ide.mcu.externaltools.gnu-tools-for-stm32.7-2018-q2-update.win32_1.5.0.202011040924/tools/bin/../lib/gcc/arm-none-eabi/7.3.1/../../../../arm-none-eabi/lib/thumb/v7-m\libnosys.a(gettod.o)
                0x0000000008002944                _gettimeofday
 *(.glue_7)
 .glue_7        0x0000000008002954        0x0 linker stubs
 *(.glue_7t)
 .glue_7t       0x0000000008002954        0x0 linker stubs
 *(.eh_frame)
 .eh_frame      0x0000000008002954        0x0 c:/st/stm32cubeide_1.5.1/stm32cubeide/plugins/com.st.stm32cube.ide.mcu.externaltools.gnu-tools-for-stm32.7-2018-q2-update.win32_1.5.0.202011040924/tools/bin/../lib/gcc/arm-none-eabi/7.3.1/thumb/v7-m/crtbegin.o
 *(.init)
 .init          0x0000000008002954        0x4 c:/st/stm32cubeide_1.5.1/stm32cubeide/plugins/com.st.stm32cube.ide.mcu.externaltools.gnu-tools-for-stm32.7-2018-q2-update.win32_1.5.0.202011040924/tools/bin/../lib/gcc/arm-none-eabi/7.3.1/thumb/v7-m/crti.o
                0x0000000008002954                _init
 .init          0x0000000008002958        0x8 c:/st/stm32cubeide_1.5.1/stm32cubeide/plugins/com.st.stm32cube.ide.mcu.externaltools.gnu-tools-for-stm32.7-2018-q2-update.win32_1.5.0.202011040924/tools/bin/../lib/gcc/arm-none-eabi/7.3.1/thumb/v7-m/crtn.o
 *(.fini)
 .fini          0x0000000008002960        0x4 c:/st/stm32cubeide_1.5.1/stm32cubeide/plugins/com.st.stm32cube.ide.mcu.externaltools.gnu-tools-for-stm32.7-2018-q2-update.win32_1.5.0.202011040924/tools/bin/../lib/gcc/arm-none-eabi/7.3.1/thumb/v7-m/crti.o
                0x0000000008002960                _fini
 .fini          0x0000000008002964        0x8 c:/st/stm32cubeide_1.5.1/stm32cubeide/plugins/com.st.stm32cube.ide.mcu.externaltools.gnu-tools-for-stm32.7-2018-q2-update.win32_1.5.0.202011040924/tools/bin/../lib/gcc/arm-none-eabi/7.3.1/thumb/v7-m/crtn.o
                0x000000000800296c                . = ALIGN (0x4)
                0x000000000800296c                _etext = .

.vfp11_veneer   0x000000000800296c        0x0
 .vfp11_veneer  0x000000000800296c        0x0 linker stubs

.v4_bx          0x000000000800296c        0x0
 .v4_bx         0x000000000800296c        0x0 linker stubs

.iplt           0x000000000800296c        0x0
 .iplt          0x000000000800296c        0x0 c:/st/stm32cubeide_1.5.1/stm32cubeide/plugins/com.st.stm32cube.ide.mcu.externaltools.gnu-tools-for-stm32.7-2018-q2-update.win32_1.5.0.202011040924/tools/bin/../lib/gcc/arm-none-eabi/7.3.1/thumb/v7-m/crtbegin.o

.rodata         0x000000000800296c     0x2a20
                0x000000000800296c                . = ALIGN (0x4)
 *(.rodata)
 .rodata        0x000000000800296c      0x170 Core/Src/main.o
 .rodata        0x0000000008002adc       0x12 Drivers/STM32F1xx_HAL_Driver/Src/stm32f1xx_hal_rcc.o
 *(.rodata*)
 *fill*         0x0000000008002aee        0x2 
 .rodata.Font7x10
                0x0000000008002af0      0x76c Core/Src/ST7735/fonts.o
 .rodata.Font11x18
                0x000000000800325c      0xd5c Core/Src/ST7735/fonts.o
 .rodata.Font16x26
                0x0000000008003fb8     0x134c Core/Src/ST7735/fonts.o
 .rodata.init_cmds1
                0x0000000008005304       0x3b Core/Src/ST7735/st7735.o
 *fill*         0x000000000800533f        0x1 
 .rodata.init_cmds2
                0x0000000008005340        0xf Core/Src/ST7735/st7735.o
 *fill*         0x000000000800534f        0x1 
 .rodata.init_cmds3
                0x0000000008005350       0x2b Core/Src/ST7735/st7735.o
 *fill*         0x000000000800537b        0x1 
 .rodata.AHBPrescTable
                0x000000000800537c       0x10 Core/Src/system_stm32f1xx.o
                0x000000000800537c                AHBPrescTable
                0x000000000800538c                . = ALIGN (0x4)

.rel.dyn        0x000000000800538c        0x0
 .rel.iplt      0x000000000800538c        0x0 c:/st/stm32cubeide_1.5.1/stm32cubeide/plugins/com.st.stm32cube.ide.mcu.externaltools.gnu-tools-for-stm32.7-2018-q2-update.win32_1.5.0.202011040924/tools/bin/../lib/gcc/arm-none-eabi/7.3.1/thumb/v7-m/crtbegin.o

.ARM.extab      0x000000000800538c        0x0
                0x000000000800538c                . = ALIGN (0x4)
 *(.ARM.extab* .gnu.linkonce.armextab.*)
                0x000000000800538c                . = ALIGN (0x4)

.ARM            0x000000000800538c        0x0
                0x000000000800538c                . = ALIGN (0x4)
                0x000000000800538c                __exidx_start = .
 *(.ARM.exidx*)
                0x000000000800538c                __exidx_end = .
                0x000000000800538c                . = ALIGN (0x4)

.preinit_array  0x000000000800538c        0x0
                0x000000000800538c                . = ALIGN (0x4)
                0x000000000800538c                PROVIDE (__preinit_array_start = .)
 *(.preinit_array*)
                0x000000000800538c                PROVIDE (__preinit_array_end = .)
                0x000000000800538c                . = ALIGN (0x4)

.init_array     0x000000000800538c        0x4
                0x000000000800538c                . = ALIGN (0x4)
                0x000000000800538c                PROVIDE (__init_array_start = .)
 *(SORT_BY_NAME(.init_array.*))
 *(.init_array*)
 .init_array    0x000000000800538c        0x4 c:/st/stm32cubeide_1.5.1/stm32cubeide/plugins/com.st.stm32cube.ide.mcu.externaltools.gnu-tools-for-stm32.7-2018-q2-update.win32_1.5.0.202011040924/tools/bin/../lib/gcc/arm-none-eabi/7.3.1/thumb/v7-m/crtbegin.o
                0x0000000008005390                PROVIDE (__init_array_end = .)
                0x0000000008005390                . = ALIGN (0x4)

.fini_array     0x0000000008005390        0x4
                0x0000000008005390                . = ALIGN (0x4)
                [!provide]                        PROVIDE (__fini_array_start = .)
 *(SORT_BY_NAME(.fini_array.*))
 *(.fini_array*)
 .fini_array    0x0000000008005390        0x4 c:/st/stm32cubeide_1.5.1/stm32cubeide/plugins/com.st.stm32cube.ide.mcu.externaltools.gnu-tools-for-stm32.7-2018-q2-update.win32_1.5.0.202011040924/tools/bin/../lib/gcc/arm-none-eabi/7.3.1/thumb/v7-m/crtbegin.o
                [!provide]                        PROVIDE (__fini_array_end = .)
                0x0000000008005394                . = ALIGN (0x4)
                0x0000000008005394                _sidata = LOADADDR (.data)

.data           0x0000000020000000       0x8c load address 0x0000000008005394
                0x0000000020000000                . = ALIGN (0x4)
                0x0000000020000000                _sdata = .
 *(.data)
 *(.data*)
 .data.Font_7x10
                0x0000000020000000        0x8 Core/Src/ST7735/fonts.o
                0x0000000020000000                Font_7x10
 .data.Font_11x18
                0x0000000020000008        0x8 Core/Src/ST7735/fonts.o
                0x0000000020000008                Font_11x18
 .data.Font_16x26
                0x0000000020000010        0x8 Core/Src/ST7735/fonts.o
                0x0000000020000010                Font_16x26
 .data.estadoAtual
                0x0000000020000018        0x1 Core/Src/main.o
                0x0000000020000018                estadoAtual
 .data.ultimoEstado
                0x0000000020000019        0x1 Core/Src/main.o
                0x0000000020000019                ultimoEstado
 *fill*         0x000000002000001a        0x2 
 .data.SystemCoreClock
                0x000000002000001c        0x4 Core/Src/system_stm32f1xx.o
                0x000000002000001c                SystemCoreClock
 .data.uwTickPrio
                0x0000000020000020        0x4 Drivers/STM32F1xx_HAL_Driver/Src/stm32f1xx_hal.o
                0x0000000020000020                uwTickPrio
 .data.uwTickFreq
                0x0000000020000024        0x1 Drivers/STM32F1xx_HAL_Driver/Src/stm32f1xx_hal.o
                0x0000000020000024                uwTickFreq
 *fill*         0x0000000020000025        0x3 
 .data._impure_ptr
                0x0000000020000028        0x4 c:/st/stm32cubeide_1.5.1/stm32cubeide/plugins/com.st.stm32cube.ide.mcu.externaltools.gnu-tools-for-stm32.7-2018-q2-update.win32_1.5.0.202011040924/tools/bin/../lib/gcc/arm-none-eabi/7.3.1/../../../../arm-none-eabi/lib/thumb/v7-m\libc_nano.a(lib_a-impure.o)
                0x0000000020000028                _impure_ptr
 .data.impure_data
                0x000000002000002c       0x60 c:/st/stm32cubeide_1.5.1/stm32cubeide/plugins/com.st.stm32cube.ide.mcu.externaltools.gnu-tools-for-stm32.7-2018-q2-update.win32_1.5.0.202011040924/tools/bin/../lib/gcc/arm-none-eabi/7.3.1/../../../../arm-none-eabi/lib/thumb/v7-m\libc_nano.a(lib_a-impure.o)
 *(.RamFunc)
 *(.RamFunc*)
                0x000000002000008c                . = ALIGN (0x4)
                0x000000002000008c                _edata = .

.igot.plt       0x000000002000008c        0x0 load address 0x0000000008005420
 .igot.plt      0x000000002000008c        0x0 c:/st/stm32cubeide_1.5.1/stm32cubeide/plugins/com.st.stm32cube.ide.mcu.externaltools.gnu-tools-for-stm32.7-2018-q2-update.win32_1.5.0.202011040924/tools/bin/../lib/gcc/arm-none-eabi/7.3.1/thumb/v7-m/crtbegin.o
                0x000000002000008c                . = ALIGN (0x4)

.bss            0x000000002000008c       0xa0 load address 0x0000000008005420
                0x000000002000008c                _sbss = .
                0x000000002000008c                __bss_start__ = _sbss
 *(.bss)
 .bss           0x000000002000008c       0x1c c:/st/stm32cubeide_1.5.1/stm32cubeide/plugins/com.st.stm32cube.ide.mcu.externaltools.gnu-tools-for-stm32.7-2018-q2-update.win32_1.5.0.202011040924/tools/bin/../lib/gcc/arm-none-eabi/7.3.1/thumb/v7-m/crtbegin.o
 *(.bss*)
 .bss.x         0x00000000200000a8        0x4 Core/Src/main.o
                0x00000000200000a8                x
 .bss.alunosquant
                0x00000000200000ac        0x4 Core/Src/main.o
                0x00000000200000ac                alunosquant
 .bss.alunos    0x00000000200000b0        0x4 Core/Src/main.o
                0x00000000200000b0                alunos
 .bss.saida     0x00000000200000b4        0x4 Core/Src/main.o
                0x00000000200000b4                saida
 .bss.senha     0x00000000200000b8        0x4 Core/Src/main.o
                0x00000000200000b8                senha
 .bss.banheiro  0x00000000200000bc        0x4 Core/Src/main.o
                0x00000000200000bc                banheiro
 .bss.__sbrk_heap_end
                0x00000000200000c0        0x4 Core/Src/sysmem.o
 .bss.__malloc_free_list
                0x00000000200000c4        0x4 c:/st/stm32cubeide_1.5.1/stm32cubeide/plugins/com.st.stm32cube.ide.mcu.externaltools.gnu-tools-for-stm32.7-2018-q2-update.win32_1.5.0.202011040924/tools/bin/../lib/gcc/arm-none-eabi/7.3.1/../../../../arm-none-eabi/lib/thumb/v7-m\libc_nano.a(lib_a-nano-mallocr.o)
                0x00000000200000c4                __malloc_free_list
 .bss.__malloc_sbrk_start
                0x00000000200000c8        0x4 c:/st/stm32cubeide_1.5.1/stm32cubeide/plugins/com.st.stm32cube.ide.mcu.externaltools.gnu-tools-for-stm32.7-2018-q2-update.win32_1.5.0.202011040924/tools/bin/../lib/gcc/arm-none-eabi/7.3.1/../../../../arm-none-eabi/lib/thumb/v7-m\libc_nano.a(lib_a-nano-mallocr.o)
                0x00000000200000c8                __malloc_sbrk_start
 *(COMMON)
 COMMON         0x00000000200000cc       0x58 Core/Src/main.o
                0x00000000200000cc                hspi1
 COMMON         0x0000000020000124        0x4 Drivers/STM32F1xx_HAL_Driver/Src/stm32f1xx_hal.o
                0x0000000020000124                uwTick
 COMMON         0x0000000020000128        0x4 c:/st/stm32cubeide_1.5.1/stm32cubeide/plugins/com.st.stm32cube.ide.mcu.externaltools.gnu-tools-for-stm32.7-2018-q2-update.win32_1.5.0.202011040924/tools/bin/../lib/gcc/arm-none-eabi/7.3.1/../../../../arm-none-eabi/lib/thumb/v7-m\libc_nano.a(lib_a-reent.o)
                0x0000000020000128                errno
                0x000000002000012c                . = ALIGN (0x4)
                0x000000002000012c                _ebss = .
                0x000000002000012c                __bss_end__ = _ebss

._user_heap_stack
                0x000000002000012c      0x604 load address 0x0000000008005420
                0x0000000020000130                . = ALIGN (0x8)
 *fill*         0x000000002000012c        0x4 
                [!provide]                        PROVIDE (end = .)
                0x0000000020000130                PROVIDE (_end = .)
                0x0000000020000330                . = (. + _Min_Heap_Size)
 *fill*         0x0000000020000130      0x200 
                0x0000000020000730                . = (. + _Min_Stack_Size)
 *fill*         0x0000000020000330      0x400 
                0x0000000020000730                . = ALIGN (0x8)

/DISCARD/
 libc.a(*)
 libm.a(*)
 libgcc.a(*)

.ARM.attributes
                0x0000000000000000       0x29
 *(.ARM.attributes)
 .ARM.attributes
                0x0000000000000000       0x1d c:/st/stm32cubeide_1.5.1/stm32cubeide/plugins/com.st.stm32cube.ide.mcu.externaltools.gnu-tools-for-stm32.7-2018-q2-update.win32_1.5.0.202011040924/tools/bin/../lib/gcc/arm-none-eabi/7.3.1/thumb/v7-m/crti.o
 .ARM.attributes
                0x000000000000001d       0x2d c:/st/stm32cubeide_1.5.1/stm32cubeide/plugins/com.st.stm32cube.ide.mcu.externaltools.gnu-tools-for-stm32.7-2018-q2-update.win32_1.5.0.202011040924/tools/bin/../lib/gcc/arm-none-eabi/7.3.1/thumb/v7-m/crtbegin.o
 .ARM.attributes
                0x000000000000004a       0x33 Core/Src/ST7735/fonts.o
 .ARM.attributes
                0x000000000000007d       0x33 Core/Src/ST7735/st7735.o
 .ARM.attributes
                0x00000000000000b0       0x33 Core/Src/main.o
 .ARM.attributes
                0x00000000000000e3       0x33 Core/Src/stm32f1xx_hal_msp.o
 .ARM.attributes
                0x0000000000000116       0x33 Core/Src/stm32f1xx_it.o
 .ARM.attributes
                0x0000000000000149       0x33 Core/Src/sysmem.o
 .ARM.attributes
                0x000000000000017c       0x33 Core/Src/system_stm32f1xx.o
 .ARM.attributes
                0x00000000000001af       0x21 Core/Startup/startup_stm32f103c8tx.o
 .ARM.attributes
                0x00000000000001d0       0x33 Drivers/STM32F1xx_HAL_Driver/Src/stm32f1xx_hal.o
 .ARM.attributes
                0x0000000000000203       0x33 Drivers/STM32F1xx_HAL_Driver/Src/stm32f1xx_hal_cortex.o
 .ARM.attributes
                0x0000000000000236       0x33 Drivers/STM32F1xx_HAL_Driver/Src/stm32f1xx_hal_gpio.o
 .ARM.attributes
                0x0000000000000269       0x33 Drivers/STM32F1xx_HAL_Driver/Src/stm32f1xx_hal_rcc.o
 .ARM.attributes
                0x000000000000029c       0x33 Drivers/STM32F1xx_HAL_Driver/Src/stm32f1xx_hal_spi.o
 .ARM.attributes
                0x00000000000002cf       0x2d c:/st/stm32cubeide_1.5.1/stm32cubeide/plugins/com.st.stm32cube.ide.mcu.externaltools.gnu-tools-for-stm32.7-2018-q2-update.win32_1.5.0.202011040924/tools/bin/../lib/gcc/arm-none-eabi/7.3.1/../../../../arm-none-eabi/lib/thumb/v7-m\libc_nano.a(lib_a-errno.o)
 .ARM.attributes
                0x00000000000002fc       0x2d c:/st/stm32cubeide_1.5.1/stm32cubeide/plugins/com.st.stm32cube.ide.mcu.externaltools.gnu-tools-for-stm32.7-2018-q2-update.win32_1.5.0.202011040924/tools/bin/../lib/gcc/arm-none-eabi/7.3.1/../../../../arm-none-eabi/lib/thumb/v7-m\libc_nano.a(lib_a-impure.o)
 .ARM.attributes
                0x0000000000000329       0x2d c:/st/stm32cubeide_1.5.1/stm32cubeide/plugins/com.st.stm32cube.ide.mcu.externaltools.gnu-tools-for-stm32.7-2018-q2-update.win32_1.5.0.202011040924/tools/bin/../lib/gcc/arm-none-eabi/7.3.1/../../../../arm-none-eabi/lib/thumb/v7-m\libc_nano.a(lib_a-init.o)
 .ARM.attributes
                0x0000000000000356       0x2d c:/st/stm32cubeide_1.5.1/stm32cubeide/plugins/com.st.stm32cube.ide.mcu.externaltools.gnu-tools-for-stm32.7-2018-q2-update.win32_1.5.0.202011040924/tools/bin/../lib/gcc/arm-none-eabi/7.3.1/../../../../arm-none-eabi/lib/thumb/v7-m\libc_nano.a(lib_a-malloc.o)
 .ARM.attributes
                0x0000000000000383       0x2d c:/st/stm32cubeide_1.5.1/stm32cubeide/plugins/com.st.stm32cube.ide.mcu.externaltools.gnu-tools-for-stm32.7-2018-q2-update.win32_1.5.0.202011040924/tools/bin/../lib/gcc/arm-none-eabi/7.3.1/../../../../arm-none-eabi/lib/thumb/v7-m\libc_nano.a(lib_a-memset.o)
 .ARM.attributes
                0x00000000000003b0       0x2d c:/st/stm32cubeide_1.5.1/stm32cubeide/plugins/com.st.stm32cube.ide.mcu.externaltools.gnu-tools-for-stm32.7-2018-q2-update.win32_1.5.0.202011040924/tools/bin/../lib/gcc/arm-none-eabi/7.3.1/../../../../arm-none-eabi/lib/thumb/v7-m\libc_nano.a(lib_a-nano-mallocr.o)
 .ARM.attributes
                0x00000000000003dd       0x2d c:/st/stm32cubeide_1.5.1/stm32cubeide/plugins/com.st.stm32cube.ide.mcu.externaltools.gnu-tools-for-stm32.7-2018-q2-update.win32_1.5.0.202011040924/tools/bin/../lib/gcc/arm-none-eabi/7.3.1/../../../../arm-none-eabi/lib/thumb/v7-m\libc_nano.a(lib_a-rand.o)
 .ARM.attributes
                0x000000000000040a       0x2d c:/st/stm32cubeide_1.5.1/stm32cubeide/plugins/com.st.stm32cube.ide.mcu.externaltools.gnu-tools-for-stm32.7-2018-q2-update.win32_1.5.0.202011040924/tools/bin/../lib/gcc/arm-none-eabi/7.3.1/../../../../arm-none-eabi/lib/thumb/v7-m\libc_nano.a(lib_a-sbrkr.o)
 .ARM.attributes
                0x0000000000000437       0x2d c:/st/stm32cubeide_1.5.1/stm32cubeide/plugins/com.st.stm32cube.ide.mcu.externaltools.gnu-tools-for-stm32.7-2018-q2-update.win32_1.5.0.202011040924/tools/bin/../lib/gcc/arm-none-eabi/7.3.1/../../../../arm-none-eabi/lib/thumb/v7-m\libc_nano.a(lib_a-time.o)
 .ARM.attributes
                0x0000000000000464       0x2d c:/st/stm32cubeide_1.5.1/stm32cubeide/plugins/com.st.stm32cube.ide.mcu.externaltools.gnu-tools-for-stm32.7-2018-q2-update.win32_1.5.0.202011040924/tools/bin/../lib/gcc/arm-none-eabi/7.3.1/../../../../arm-none-eabi/lib/thumb/v7-m\libc_nano.a(lib_a-gettimeofdayr.o)
 .ARM.attributes
                0x0000000000000491       0x2d c:/st/stm32cubeide_1.5.1/stm32cubeide/plugins/com.st.stm32cube.ide.mcu.externaltools.gnu-tools-for-stm32.7-2018-q2-update.win32_1.5.0.202011040924/tools/bin/../lib/gcc/arm-none-eabi/7.3.1/../../../../arm-none-eabi/lib/thumb/v7-m\libc_nano.a(lib_a-mlock.o)
 .ARM.attributes
                0x00000000000004be       0x2d c:/st/stm32cubeide_1.5.1/stm32cubeide/plugins/com.st.stm32cube.ide.mcu.externaltools.gnu-tools-for-stm32.7-2018-q2-update.win32_1.5.0.202011040924/tools/bin/../lib/gcc/arm-none-eabi/7.3.1/../../../../arm-none-eabi/lib/thumb/v7-m\libc_nano.a(lib_a-reent.o)
 .ARM.attributes
                0x00000000000004eb       0x2d c:/st/stm32cubeide_1.5.1/stm32cubeide/plugins/com.st.stm32cube.ide.mcu.externaltools.gnu-tools-for-stm32.7-2018-q2-update.win32_1.5.0.202011040924/tools/bin/../lib/gcc/arm-none-eabi/7.3.1/../../../../arm-none-eabi/lib/thumb/v7-m\libnosys.a(gettod.o)
 .ARM.attributes
                0x0000000000000518       0x1d c:/st/stm32cubeide_1.5.1/stm32cubeide/plugins/com.st.stm32cube.ide.mcu.externaltools.gnu-tools-for-stm32.7-2018-q2-update.win32_1.5.0.202011040924/tools/bin/../lib/gcc/arm-none-eabi/7.3.1/thumb/v7-m/crtn.o
OUTPUT(PROJINTE.elf elf32-littlearm)

.debug_info     0x0000000000000000     0x777b
 .debug_info    0x0000000000000000      0x19c Core/Src/ST7735/fonts.o
 .debug_info    0x000000000000019c     0x137f Core/Src/ST7735/st7735.o
 .debug_info    0x000000000000151b     0x14f3 Core/Src/main.o
 .debug_info    0x0000000000002a0e      0x892 Core/Src/stm32f1xx_hal_msp.o
 .debug_info    0x00000000000032a0      0x20a Core/Src/stm32f1xx_it.o
 .debug_info    0x00000000000034aa      0x985 Core/Src/sysmem.o
 .debug_info    0x0000000000003e2f      0x29a Core/Src/system_stm32f1xx.o
 .debug_info    0x00000000000040c9       0x22 Core/Startup/startup_stm32f103c8tx.o
 .debug_info    0x00000000000040eb      0x714 Drivers/STM32F1xx_HAL_Driver/Src/stm32f1xx_hal.o
 .debug_info    0x00000000000047ff      0xb51 Drivers/STM32F1xx_HAL_Driver/Src/stm32f1xx_hal_cortex.o
 .debug_info    0x0000000000005350      0x69b Drivers/STM32F1xx_HAL_Driver/Src/stm32f1xx_hal_gpio.o
 .debug_info    0x00000000000059eb      0x80f Drivers/STM32F1xx_HAL_Driver/Src/stm32f1xx_hal_rcc.o
 .debug_info    0x00000000000061fa     0x1581 Drivers/STM32F1xx_HAL_Driver/Src/stm32f1xx_hal_spi.o

.debug_abbrev   0x0000000000000000     0x165d
 .debug_abbrev  0x0000000000000000       0xa1 Core/Src/ST7735/fonts.o
 .debug_abbrev  0x00000000000000a1      0x295 Core/Src/ST7735/st7735.o
 .debug_abbrev  0x0000000000000336      0x315 Core/Src/main.o
 .debug_abbrev  0x000000000000064b      0x18c Core/Src/stm32f1xx_hal_msp.o
 .debug_abbrev  0x00000000000007d7       0xc6 Core/Src/stm32f1xx_it.o
 .debug_abbrev  0x000000000000089d      0x19b Core/Src/sysmem.o
 .debug_abbrev  0x0000000000000a38      0x134 Core/Src/system_stm32f1xx.o
 .debug_abbrev  0x0000000000000b6c       0x12 Core/Startup/startup_stm32f103c8tx.o
 .debug_abbrev  0x0000000000000b7e      0x1c7 Drivers/STM32F1xx_HAL_Driver/Src/stm32f1xx_hal.o
 .debug_abbrev  0x0000000000000d45      0x2d5 Drivers/STM32F1xx_HAL_Driver/Src/stm32f1xx_hal_cortex.o
 .debug_abbrev  0x000000000000101a      0x1c0 Drivers/STM32F1xx_HAL_Driver/Src/stm32f1xx_hal_gpio.o
 .debug_abbrev  0x00000000000011da      0x243 Drivers/STM32F1xx_HAL_Driver/Src/stm32f1xx_hal_rcc.o
 .debug_abbrev  0x000000000000141d      0x240 Drivers/STM32F1xx_HAL_Driver/Src/stm32f1xx_hal_spi.o

.debug_aranges  0x0000000000000000      0x6e8
 .debug_aranges
                0x0000000000000000       0x18 Core/Src/ST7735/fonts.o
 .debug_aranges
                0x0000000000000018       0x90 Core/Src/ST7735/st7735.o
 .debug_aranges
                0x00000000000000a8       0xa8 Core/Src/main.o
 .debug_aranges
                0x0000000000000150       0x30 Core/Src/stm32f1xx_hal_msp.o
 .debug_aranges
                0x0000000000000180       0x60 Core/Src/stm32f1xx_it.o
 .debug_aranges
                0x00000000000001e0       0x20 Core/Src/sysmem.o
 .debug_aranges
                0x0000000000000200       0x28 Core/Src/system_stm32f1xx.o
 .debug_aranges
                0x0000000000000228       0x28 Core/Startup/startup_stm32f103c8tx.o
 .debug_aranges
                0x0000000000000250       0xe0 Drivers/STM32F1xx_HAL_Driver/Src/stm32f1xx_hal.o
 .debug_aranges
                0x0000000000000330      0x100 Drivers/STM32F1xx_HAL_Driver/Src/stm32f1xx_hal_cortex.o
 .debug_aranges
                0x0000000000000430       0x58 Drivers/STM32F1xx_HAL_Driver/Src/stm32f1xx_hal_gpio.o
 .debug_aranges
                0x0000000000000488       0x90 Drivers/STM32F1xx_HAL_Driver/Src/stm32f1xx_hal_rcc.o
 .debug_aranges
                0x0000000000000518      0x1d0 Drivers/STM32F1xx_HAL_Driver/Src/stm32f1xx_hal_spi.o

.debug_macro    0x0000000000000000    0x170dd
 .debug_macro   0x0000000000000000       0x6d Core/Src/ST7735/fonts.o
 .debug_macro   0x000000000000006d      0xa5a Core/Src/ST7735/fonts.o
 .debug_macro   0x0000000000000ac7       0x22 Core/Src/ST7735/fonts.o
 .debug_macro   0x0000000000000ae9       0x8e Core/Src/ST7735/fonts.o
 .debug_macro   0x0000000000000b77       0x51 Core/Src/ST7735/fonts.o
 .debug_macro   0x0000000000000bc8       0xef Core/Src/ST7735/fonts.o
 .debug_macro   0x0000000000000cb7       0x6a Core/Src/ST7735/fonts.o
 .debug_macro   0x0000000000000d21      0x1df Core/Src/ST7735/fonts.o
 .debug_macro   0x0000000000000f00      0x2ae Core/Src/ST7735/st7735.o
 .debug_macro   0x00000000000011ae      0x215 Core/Src/ST7735/st7735.o
 .debug_macro   0x00000000000013c3       0x2e Core/Src/ST7735/st7735.o
 .debug_macro   0x00000000000013f1       0x22 Core/Src/ST7735/st7735.o
 .debug_macro   0x0000000000001413       0x1c Core/Src/ST7735/st7735.o
 .debug_macro   0x000000000000142f       0x22 Core/Src/ST7735/st7735.o
 .debug_macro   0x0000000000001451       0xc3 Core/Src/ST7735/st7735.o
 .debug_macro   0x0000000000001514      0xd23 Core/Src/ST7735/st7735.o
 .debug_macro   0x0000000000002237     0xe09e Core/Src/ST7735/st7735.o
 .debug_macro   0x00000000000102d5       0x6d Core/Src/ST7735/st7735.o
 .debug_macro   0x0000000000010342     0x3468 Core/Src/ST7735/st7735.o
 .debug_macro   0x00000000000137aa      0x174 Core/Src/ST7735/st7735.o
 .debug_macro   0x000000000001391e       0x5c Core/Src/ST7735/st7735.o
 .debug_macro   0x000000000001397a      0x5be Core/Src/ST7735/st7735.o
 .debug_macro   0x0000000000013f38      0x289 Core/Src/ST7735/st7735.o
 .debug_macro   0x00000000000141c1      0x1cb Core/Src/ST7735/st7735.o
 .debug_macro   0x000000000001438c      0x114 Core/Src/ST7735/st7735.o
 .debug_macro   0x00000000000144a0      0x1b2 Core/Src/ST7735/st7735.o
 .debug_macro   0x0000000000014652       0x27 Core/Src/ST7735/st7735.o
 .debug_macro   0x0000000000014679      0x136 Core/Src/ST7735/st7735.o
 .debug_macro   0x00000000000147af      0x1bc Core/Src/ST7735/st7735.o
 .debug_macro   0x000000000001496b       0x34 Core/Src/ST7735/st7735.o
 .debug_macro   0x000000000001499f       0x3c Core/Src/ST7735/st7735.o
 .debug_macro   0x00000000000149db       0x57 Core/Src/ST7735/st7735.o
 .debug_macro   0x0000000000014a32       0x88 Core/Src/ST7735/st7735.o
 .debug_macro   0x0000000000014aba      0x241 Core/Src/ST7735/st7735.o
 .debug_macro   0x0000000000014cfb      0x141 Core/Src/ST7735/st7735.o
 .debug_macro   0x0000000000014e3c      0x217 Core/Src/ST7735/st7735.o
 .debug_macro   0x0000000000015053       0x83 Core/Src/ST7735/st7735.o
 .debug_macro   0x00000000000150d6       0x70 Core/Src/ST7735/st7735.o
 .debug_macro   0x0000000000015146       0x22 Core/Src/ST7735/st7735.o
 .debug_macro   0x0000000000015168      0x1ae Core/Src/ST7735/st7735.o
 .debug_macro   0x0000000000015316       0x46 Core/Src/ST7735/st7735.o
 .debug_macro   0x000000000001535c       0x18 Core/Src/ST7735/st7735.o
 .debug_macro   0x0000000000015374       0x3c Core/Src/ST7735/st7735.o
 .debug_macro   0x00000000000153b0       0x34 Core/Src/ST7735/st7735.o
 .debug_macro   0x00000000000153e4       0x52 Core/Src/ST7735/st7735.o
 .debug_macro   0x0000000000015436       0x1f Core/Src/ST7735/st7735.o
 .debug_macro   0x0000000000015455       0x43 Core/Src/ST7735/st7735.o
 .debug_macro   0x0000000000015498       0x20 Core/Src/ST7735/st7735.o
 .debug_macro   0x00000000000154b8      0x1a3 Core/Src/ST7735/st7735.o
 .debug_macro   0x000000000001565b       0x35 Core/Src/ST7735/st7735.o
 .debug_macro   0x0000000000015690       0x3c Core/Src/ST7735/st7735.o
 .debug_macro   0x00000000000156cc      0x32a Core/Src/ST7735/st7735.o
 .debug_macro   0x00000000000159f6       0x10 Core/Src/ST7735/st7735.o
 .debug_macro   0x0000000000015a06       0x20 Core/Src/ST7735/st7735.o
 .debug_macro   0x0000000000015a26      0x34f Core/Src/main.o
 .debug_macro   0x0000000000015d75       0x16 Core/Src/main.o
 .debug_macro   0x0000000000015d8b       0x16 Core/Src/main.o
 .debug_macro   0x0000000000015da1       0x29 Core/Src/main.o
 .debug_macro   0x0000000000015dca       0x16 Core/Src/main.o
 .debug_macro   0x0000000000015de0       0x10 Core/Src/main.o
 .debug_macro   0x0000000000015df0       0x10 Core/Src/main.o
 .debug_macro   0x0000000000015e00       0x10 Core/Src/main.o
 .debug_macro   0x0000000000015e10       0x1c Core/Src/main.o
 .debug_macro   0x0000000000015e2c       0x52 Core/Src/main.o
 .debug_macro   0x0000000000015e7e       0x40 Core/Src/main.o
 .debug_macro   0x0000000000015ebe       0x10 Core/Src/main.o
 .debug_macro   0x0000000000015ece       0x40 Core/Src/main.o
 .debug_macro   0x0000000000015f0e       0xd7 Core/Src/main.o
 .debug_macro   0x0000000000015fe5       0x1c Core/Src/main.o
 .debug_macro   0x0000000000016001       0x3d Core/Src/main.o
 .debug_macro   0x000000000001603e       0x35 Core/Src/main.o
 .debug_macro   0x0000000000016073      0x19d Core/Src/stm32f1xx_hal_msp.o
 .debug_macro   0x0000000000016210      0x1a7 Core/Src/stm32f1xx_it.o
 .debug_macro   0x00000000000163b7       0xee Core/Src/sysmem.o
 .debug_macro   0x00000000000164a5      0x23b Core/Src/sysmem.o
 .debug_macro   0x00000000000166e0      0x18e Core/Src/system_stm32f1xx.o
 .debug_macro   0x000000000001686e      0x1b2 Drivers/STM32F1xx_HAL_Driver/Src/stm32f1xx_hal.o
 .debug_macro   0x0000000000016a20      0x18e Drivers/STM32F1xx_HAL_Driver/Src/stm32f1xx_hal_cortex.o
 .debug_macro   0x0000000000016bae      0x1f9 Drivers/STM32F1xx_HAL_Driver/Src/stm32f1xx_hal_gpio.o
 .debug_macro   0x0000000000016da7      0x1a0 Drivers/STM32F1xx_HAL_Driver/Src/stm32f1xx_hal_rcc.o
 .debug_macro   0x0000000000016f47      0x196 Drivers/STM32F1xx_HAL_Driver/Src/stm32f1xx_hal_spi.o

.debug_line     0x0000000000000000     0x634b
 .debug_line    0x0000000000000000      0x385 Core/Src/ST7735/fonts.o
 .debug_line    0x0000000000000385      0x9c6 Core/Src/ST7735/st7735.o
 .debug_line    0x0000000000000d4b      0xabf Core/Src/main.o
 .debug_line    0x000000000000180a      0x677 Core/Src/stm32f1xx_hal_msp.o
 .debug_line    0x0000000000001e81      0x6ed Core/Src/stm32f1xx_it.o
 .debug_line    0x000000000000256e      0x4c7 Core/Src/sysmem.o
 .debug_line    0x0000000000002a35      0x66d Core/Src/system_stm32f1xx.o
 .debug_line    0x00000000000030a2       0x87 Core/Startup/startup_stm32f103c8tx.o
 .debug_line    0x0000000000003129      0x820 Drivers/STM32F1xx_HAL_Driver/Src/stm32f1xx_hal.o
 .debug_line    0x0000000000003949      0x8f7 Drivers/STM32F1xx_HAL_Driver/Src/stm32f1xx_hal_cortex.o
 .debug_line    0x0000000000004240      0x81c Drivers/STM32F1xx_HAL_Driver/Src/stm32f1xx_hal_gpio.o
 .debug_line    0x0000000000004a5c      0x8e0 Drivers/STM32F1xx_HAL_Driver/Src/stm32f1xx_hal_rcc.o
 .debug_line    0x000000000000533c     0x100f Drivers/STM32F1xx_HAL_Driver/Src/stm32f1xx_hal_spi.o

.debug_str      0x0000000000000000    0x82349
 .debug_str     0x0000000000000000     0x3ae3 Core/Src/ST7735/fonts.o
                                       0x3c59 (size before relaxing)
 .debug_str     0x0000000000003ae3    0x7bd41 Core/Src/ST7735/st7735.o
                                      0x7fc11 (size before relaxing)
 .debug_str     0x000000000007f824     0x1157 Core/Src/main.o
                                      0x80ad5 (size before relaxing)
 .debug_str     0x000000000008097b       0x81 Core/Src/stm32f1xx_hal_msp.o
                                      0x7c59c (size before relaxing)
 .debug_str     0x00000000000809fc       0xbd Core/Src/stm32f1xx_it.o
                                      0x7c18e (size before relaxing)
 .debug_str     0x0000000000080ab9      0x4e9 Core/Src/sysmem.o
                                       0x5f3b (size before relaxing)
 .debug_str     0x0000000000080fa2       0x52 Core/Src/system_stm32f1xx.o
                                      0x7bfcc (size before relaxing)
 .debug_str     0x0000000000080ff4       0x36 Core/Startup/startup_stm32f103c8tx.o
                                         0x6b (size before relaxing)
 .debug_str     0x000000000008102a      0x55e Drivers/STM32F1xx_HAL_Driver/Src/stm32f1xx_hal.o
                                      0x7c65d (size before relaxing)
 .debug_str     0x0000000000081588      0x300 Drivers/STM32F1xx_HAL_Driver/Src/stm32f1xx_hal_cortex.o
                                      0x7c665 (size before relaxing)
 .debug_str     0x0000000000081888      0x324 Drivers/STM32F1xx_HAL_Driver/Src/stm32f1xx_hal_gpio.o
                                      0x7c390 (size before relaxing)
 .debug_str     0x0000000000081bac      0x24f Drivers/STM32F1xx_HAL_Driver/Src/stm32f1xx_hal_rcc.o
                                      0x7c3c9 (size before relaxing)
 .debug_str     0x0000000000081dfb      0x54e Drivers/STM32F1xx_HAL_Driver/Src/stm32f1xx_hal_spi.o
                                      0x7c8d8 (size before relaxing)

.comment        0x0000000000000000       0x7b
 .comment       0x0000000000000000       0x7b Core/Src/ST7735/fonts.o
                                         0x7c (size before relaxing)
 .comment       0x000000000000007b       0x7c Core/Src/ST7735/st7735.o
 .comment       0x000000000000007b       0x7c Core/Src/main.o
 .comment       0x000000000000007b       0x7c Core/Src/stm32f1xx_hal_msp.o
 .comment       0x000000000000007b       0x7c Core/Src/stm32f1xx_it.o
 .comment       0x000000000000007b       0x7c Core/Src/sysmem.o
 .comment       0x000000000000007b       0x7c Core/Src/system_stm32f1xx.o
 .comment       0x000000000000007b       0x7c Drivers/STM32F1xx_HAL_Driver/Src/stm32f1xx_hal.o
 .comment       0x000000000000007b       0x7c Drivers/STM32F1xx_HAL_Driver/Src/stm32f1xx_hal_cortex.o
 .comment       0x000000000000007b       0x7c Drivers/STM32F1xx_HAL_Driver/Src/stm32f1xx_hal_gpio.o
 .comment       0x000000000000007b       0x7c Drivers/STM32F1xx_HAL_Driver/Src/stm32f1xx_hal_rcc.o
 .comment       0x000000000000007b       0x7c Drivers/STM32F1xx_HAL_Driver/Src/stm32f1xx_hal_spi.o

.debug_ranges   0x0000000000000000      0x618
 .debug_ranges  0x0000000000000000       0x80 Core/Src/ST7735/st7735.o
 .debug_ranges  0x0000000000000080       0x98 Core/Src/main.o
 .debug_ranges  0x0000000000000118       0x20 Core/Src/stm32f1xx_hal_msp.o
 .debug_ranges  0x0000000000000138       0x50 Core/Src/stm32f1xx_it.o
 .debug_ranges  0x0000000000000188       0x10 Core/Src/sysmem.o
 .debug_ranges  0x0000000000000198       0x18 Core/Src/system_stm32f1xx.o
 .debug_ranges  0x00000000000001b0       0x20 Core/Startup/startup_stm32f103c8tx.o
 .debug_ranges  0x00000000000001d0       0xd0 Drivers/STM32F1xx_HAL_Driver/Src/stm32f1xx_hal.o
 .debug_ranges  0x00000000000002a0       0xf0 Drivers/STM32F1xx_HAL_Driver/Src/stm32f1xx_hal_cortex.o
 .debug_ranges  0x0000000000000390       0x48 Drivers/STM32F1xx_HAL_Driver/Src/stm32f1xx_hal_gpio.o
 .debug_ranges  0x00000000000003d8       0x80 Drivers/STM32F1xx_HAL_Driver/Src/stm32f1xx_hal_rcc.o
 .debug_ranges  0x0000000000000458      0x1c0 Drivers/STM32F1xx_HAL_Driver/Src/stm32f1xx_hal_spi.o

.debug_frame    0x0000000000000000     0x1bcc
 .debug_frame   0x0000000000000000      0x234 Core/Src/ST7735/st7735.o
 .debug_frame   0x0000000000000234      0x260 Core/Src/main.o
 .debug_frame   0x0000000000000494       0x80 Core/Src/stm32f1xx_hal_msp.o
 .debug_frame   0x0000000000000514      0x104 Core/Src/stm32f1xx_it.o
 .debug_frame   0x0000000000000618       0x34 Core/Src/sysmem.o
 .debug_frame   0x000000000000064c       0x58 Core/Src/system_stm32f1xx.o
 .debug_frame   0x00000000000006a4      0x334 Drivers/STM32F1xx_HAL_Driver/Src/stm32f1xx_hal.o
 .debug_frame   0x00000000000009d8      0x428 Drivers/STM32F1xx_HAL_Driver/Src/stm32f1xx_hal_cortex.o
 .debug_frame   0x0000000000000e00      0x14c Drivers/STM32F1xx_HAL_Driver/Src/stm32f1xx_hal_gpio.o
 .debug_frame   0x0000000000000f4c      0x21c Drivers/STM32F1xx_HAL_Driver/Src/stm32f1xx_hal_rcc.o
 .debug_frame   0x0000000000001168      0x824 Drivers/STM32F1xx_HAL_Driver/Src/stm32f1xx_hal_spi.o
 .debug_frame   0x000000000000198c       0x20 c:/st/stm32cubeide_1.5.1/stm32cubeide/plugins/com.st.stm32cube.ide.mcu.externaltools.gnu-tools-for-stm32.7-2018-q2-update.win32_1.5.0.202011040924/tools/bin/../lib/gcc/arm-none-eabi/7.3.1/../../../../arm-none-eabi/lib/thumb/v7-m\libc_nano.a(lib_a-errno.o)
 .debug_frame   0x00000000000019ac       0x2c c:/st/stm32cubeide_1.5.1/stm32cubeide/plugins/com.st.stm32cube.ide.mcu.externaltools.gnu-tools-for-stm32.7-2018-q2-update.win32_1.5.0.202011040924/tools/bin/../lib/gcc/arm-none-eabi/7.3.1/../../../../arm-none-eabi/lib/thumb/v7-m\libc_nano.a(lib_a-init.o)
 .debug_frame   0x00000000000019d8       0x30 c:/st/stm32cubeide_1.5.1/stm32cubeide/plugins/com.st.stm32cube.ide.mcu.externaltools.gnu-tools-for-stm32.7-2018-q2-update.win32_1.5.0.202011040924/tools/bin/../lib/gcc/arm-none-eabi/7.3.1/../../../../arm-none-eabi/lib/thumb/v7-m\libc_nano.a(lib_a-malloc.o)
 .debug_frame   0x0000000000001a08       0x20 c:/st/stm32cubeide_1.5.1/stm32cubeide/plugins/com.st.stm32cube.ide.mcu.externaltools.gnu-tools-for-stm32.7-2018-q2-update.win32_1.5.0.202011040924/tools/bin/../lib/gcc/arm-none-eabi/7.3.1/../../../../arm-none-eabi/lib/thumb/v7-m\libc_nano.a(lib_a-memset.o)
 .debug_frame   0x0000000000001a28       0x2c c:/st/stm32cubeide_1.5.1/stm32cubeide/plugins/com.st.stm32cube.ide.mcu.externaltools.gnu-tools-for-stm32.7-2018-q2-update.win32_1.5.0.202011040924/tools/bin/../lib/gcc/arm-none-eabi/7.3.1/../../../../arm-none-eabi/lib/thumb/v7-m\libc_nano.a(lib_a-nano-mallocr.o)
 .debug_frame   0x0000000000001a54       0x48 c:/st/stm32cubeide_1.5.1/stm32cubeide/plugins/com.st.stm32cube.ide.mcu.externaltools.gnu-tools-for-stm32.7-2018-q2-update.win32_1.5.0.202011040924/tools/bin/../lib/gcc/arm-none-eabi/7.3.1/../../../../arm-none-eabi/lib/thumb/v7-m\libc_nano.a(lib_a-rand.o)
 .debug_frame   0x0000000000001a9c       0x2c c:/st/stm32cubeide_1.5.1/stm32cubeide/plugins/com.st.stm32cube.ide.mcu.externaltools.gnu-tools-for-stm32.7-2018-q2-update.win32_1.5.0.202011040924/tools/bin/../lib/gcc/arm-none-eabi/7.3.1/../../../../arm-none-eabi/lib/thumb/v7-m\libc_nano.a(lib_a-sbrkr.o)
 .debug_frame   0x0000000000001ac8       0x2c c:/st/stm32cubeide_1.5.1/stm32cubeide/plugins/com.st.stm32cube.ide.mcu.externaltools.gnu-tools-for-stm32.7-2018-q2-update.win32_1.5.0.202011040924/tools/bin/../lib/gcc/arm-none-eabi/7.3.1/../../../../arm-none-eabi/lib/thumb/v7-m\libc_nano.a(lib_a-time.o)
 .debug_frame   0x0000000000001af4       0x2c c:/st/stm32cubeide_1.5.1/stm32cubeide/plugins/com.st.stm32cube.ide.mcu.externaltools.gnu-tools-for-stm32.7-2018-q2-update.win32_1.5.0.202011040924/tools/bin/../lib/gcc/arm-none-eabi/7.3.1/../../../../arm-none-eabi/lib/thumb/v7-m\libc_nano.a(lib_a-gettimeofdayr.o)
 .debug_frame   0x0000000000001b20       0x30 c:/st/stm32cubeide_1.5.1/stm32cubeide/plugins/com.st.stm32cube.ide.mcu.externaltools.gnu-tools-for-stm32.7-2018-q2-update.win32_1.5.0.202011040924/tools/bin/../lib/gcc/arm-none-eabi/7.3.1/../../../../arm-none-eabi/lib/thumb/v7-m\libc_nano.a(lib_a-mlock.o)
 .debug_frame   0x0000000000001b50       0x5c c:/st/stm32cubeide_1.5.1/stm32cubeide/plugins/com.st.stm32cube.ide.mcu.externaltools.gnu-tools-for-stm32.7-2018-q2-update.win32_1.5.0.202011040924/tools/bin/../lib/gcc/arm-none-eabi/7.3.1/../../../../arm-none-eabi/lib/thumb/v7-m\libc_nano.a(lib_a-reent.o)
 .debug_frame   0x0000000000001bac       0x20 c:/st/stm32cubeide_1.5.1/stm32cubeide/plugins/com.st.stm32cube.ide.mcu.externaltools.gnu-tools-for-stm32.7-2018-q2-update.win32_1.5.0.202011040924/tools/bin/../lib/gcc/arm-none-eabi/7.3.1/../../../../arm-none-eabi/lib/thumb/v7-m\libnosys.a(gettod.o)

.stab           0x0000000000000000       0x24
 .stab          0x0000000000000000       0x24 c:/st/stm32cubeide_1.5.1/stm32cubeide/plugins/com.st.stm32cube.ide.mcu.externaltools.gnu-tools-for-stm32.7-2018-q2-update.win32_1.5.0.202011040924/tools/bin/../lib/gcc/arm-none-eabi/7.3.1/../../../../arm-none-eabi/lib/thumb/v7-m\libnosys.a(gettod.o)

.stabstr        0x0000000000000000       0x4e
 .stabstr       0x0000000000000000       0x4e c:/st/stm32cubeide_1.5.1/stm32cubeide/plugins/com.st.stm32cube.ide.mcu.externaltools.gnu-tools-for-stm32.7-2018-q2-update.win32_1.5.0.202011040924/tools/bin/../lib/gcc/arm-none-eabi/7.3.1/../../../../arm-none-eabi/lib/thumb/v7-m\libnosys.a(gettod.o)
