main.c:87:6:telalogin	8	static
main.c:129:6:telainicial	24	static
main.c:143:6:teladefinir	8	static
main.c:171:6:telaaula	8	static
main.c:224:6:telarelatorio	8	static
main.c:234:6:telaerro2	8	static
main.c:240:6:telaerro	8	static
main.c:250:6:DrawAula	48	static
main.c:276:6:DrawLines	40	static
main.c:294:6:Drawmenu	40	static
main.c:317:6:Drawerro2	24	static
main.c:321:6:Drawerro	24	static
main.c:326:6:Drawalunos	32	static
main.c:345:5:main	8	static
main.c:459:6:SystemClock_Config	72	static
main.c:495:13:MX_SPI1_Init	8	static
main.c:533:13:MX_GPIO_Init	32	static
main.c:577:6:Error_Handler	4	static,ignoring_inline_asm
