main.c:80:6:telalogin	8	static
main.c:107:6:telainicial	24	static
main.c:121:6:teladefinir	8	static
main.c:143:6:telaalunos	8	static
main.c:166:6:telabanheiro	8	static
main.c:192:6:telamenu	8	static
main.c:209:6:DrawAula	56	static
main.c:219:6:DrawLines	48	static
main.c:231:6:Drawnbanheiro	56	static
main.c:240:6:Drawmenu	24	static
main.c:248:6:Drawalunos	40	static
main.c:267:5:main	8	static
main.c:364:6:SystemClock_Config	72	static
main.c:400:13:MX_SPI1_Init	8	static
main.c:438:13:MX_GPIO_Init	32	static
main.c:482:6:Error_Handler	4	static,ignoring_inline_asm
